Mm, Mm, Mm, Mm, Mm, Mm, Mm, Mm, Mm, Mm, Mm, Mm, Mm, Mm, Mm, Mm, Mm, Mm, Mm, Mm, Ww, Mm, Mm, Mm, Mm, Mm, Mm, Mm, Mm, Mm, Mm, Mm
Mm, Mm, Mm, Mm, Hh, Mm, Mm, Mm, Mm, Mm, Mm, Mm, Mm, Mm, Mm, Mm, Mm, Mm, Ww, Ww, Mm, Mm, Mm, Mm, Mm, Mm, Mm, Gs, Gs, Hh, Hh, Mm
Mm, Mm, Hh, Hh, Hh, Mm, Mm, Mm, Mm, Mm^Fp, Mm, Mm, Mm, Mm, Gs, Mm, Mm, Mm, Ww, Mm, Mm, Mm, Mm, Mm^Fp, Mm, Mm, Mm, Mm, Mm, Hh, Mm, Mm
Mm, Mm, Hh^Fp, Hh, Hh^Fp, Hh, Hh, Hh, Hh, Mm, Mm, Mm, Mm, Mm, Mm^Fp, Gs, Mm, Ww, Mm, Mm, Mm, Mm, Mm, Mm, Mm, Mm, Mm, Mm, Mm, Mm, Mm, Mm
Mm, Mm, Hh, Hh, Hh, Hh, Hh, Hh^Vhhr, Mm, Hh, Mm, Mm, Mm, Mm, Gs, Mm, Ww, Ww, Cvr, Mm, Hh, Mm, Hh, Mm, Mm, Mm, Mm, Mm, Mm, Mm, Mm, Mm
Mm, Hh, Hh^Vhhr, Hh, Mm, Mm, Mm, Mm, Gs, Mm, Gs, Gs, Gs, Mm, Mm, Gs, Ww, Cvr, 2 Kvr, Cvr, Hh, Hh^Vhhr, Hh, Hh, Hh, Mm, Mm, Mm, Mm, Mm, Mm, Mm
Gs, Hh, Mm, Mm^Fp, Gs, Gs, Gs, Gs, Hh, Hh, Hh^Fp, Gs^Fp, Gs^Fp, Gs, Gs^Fdw, Mm, Ww, Cvr, Cvr, Cvr, Hh, Hh, Hh, Hh^Fdw, Hh, Hh, Mm, Mm^Fp, Mm, Mm, Mm^Fp, Mm
Hh, Gs, Gs, Gs, Gs, Gs, Gs, Gs, Gs, Hh^Fp, Hh, Hh, Hh^Fp, Gs, Gs, Ww, Ww, Gs, Gs, Hh, Hh, Hh^Fdw, Hh, Hh, Hh, Hh, Mm, Hh, Mm^Fp, Mm, Mm, Mm
Hh, Hh, Gs, Gs, Hh, Hh^Fp, Hh, Gs, Gs, Gs, Hh, Hh, Hh^Fp, Gs^Fp, Gs, Ww, Gs, Gs, Hh, Gs, Gs, Hh, Gs, Hh^Vhhr, Uh, Uh, Uu^Uf, Uh, Uh, Uh, Uh, Uh
Hh, Hh, Hh, Gs, Hh, Hh, Hh, Hh, Hh, Gs, Gs, Gs, Gs^Vhr, Gs, Gs, Ww, Gs, Hh, Hh^Fdw, Gs, Gs, Gs, Gs, Uh, Uu, Uu, Uu, Uu, 3 Kud, Uu, Uh, Uh
Hh, Hh^Fdf, Hh, Gs, Hh, Hh, Hh^Fp, Hh, Gs, Hh, Hh, Gs, Gs, Gs, Ww, Ww, Gs, Hh, Hh, Hh, Gs, Gs, Gs, Uu, Uu^Uf, Uu, Uu, Cud, Uu, Uu, Uh, Uh
Hh, Hh^Fdf, Hh, Gs, Gs, Hh, Gs, Hh^Fp, Hh^Fp, Hh, Hh^Fp, Gs, Gs, Gs, Ww, Ww, Hh, Hh, Hh, Gs, Gs, Hh, Hh, Uu, Uu, Uu, Uu, Uu, Uu, Uu^Uf, Uh, Uh
Hh, Hh, Hh, Gs, Gs, Gs, Gs, Gs, Gs, Hh^Fp, Hh^Fp, Hh^Fp, Gs^Fp, Gs, Ww, Gs, Hh, Hh^Vhhr, Hh, Hh, Gs, Hh, Hh, Gs, Hh, Uu, Uu, Uu, Uu^Vu, Uu, Uu, Uu
Hh, Hh, Hh, Hh, Gll^Fmf, Gll^Fmf, Gs, Gs, Gs, Gs, Gs, Gs^Fp, Gs^Fp, Gs^Fp, Ww, Gs, Gs, Hh, Gs, Gs, Gs, Gs, Gs, Gs, Gs, Hh, Uu, Uu, Uu, Uu, Uu, Uu
Hh, Hh, Hh^Fmf, Hh^Fmf, Gs, Gll^Fmf, Gll^Fmf, Gs, Gs, Gs, Gs, Gs, Ww, Ww, Gs, Gs, Gs, Gs, Hh, Gs, Gs, Gs, Gs^Fp, Gs^Fp, Gs, Hh, Gs, Uu, Uu, Uu, Uu^Uf, Uu
Hh, Hh, Hh, Hh, Gll, Gll, Gll, Gll^Fmf, Gs, Gs, Ww, Ww, Gs, Gs, Hh, Gs, Gs, Hh, Hh^Fdf, Hh, Hh, Gs, Gs, Gs^Fp, Gs^Fp, Gs^Fp, Gs^Fp, Uh, Uh, Uu^Vu, Uu, Uu
Gll, Hh, Gll^Fdf, Gs, Gll^Fdf, Gll, Gs^Vhr, Gs, Ww, Ww, Hh, Hh, Hh, Hh, Gll^Fmf, Hh, Hh, Gs, Hh, Gs, Gs, Hh, Hh, Gs, Gs, Gs^Fp, Gs^Fp, Gs, Gs, Uh, Uu, Uu
Gll, Gll^Fdf, Gll, Gll^Fdf, Hh^Fdf, Gs, Ww, Ww, Hh, Gs, Hh^Fp, Hh, Hh, Gs, Hh, Hh, Hh, Gs, Gs, Hh^Fdf, Hh, Hh, Hh^Fdf, Hh, Gs, Gs, Gs, Gs, Gs, Gs, Gs, Uu
Gll, Gll, Gll, Hh^Fdf, Hh, Hh, Ww, Ww, Gs, Hh, Hh^Fp, Hh^Fp, Hh^Fp, Hh, Hh, Hh, Hh, Gs, Gs^Vhr, Gs, Gs, Hh, Hh, Hh^Fdf, Gs, Hh, Hh, Gs, Gs, Gll^Fdf, Gs, Mm
Hh, Hh^Fdf, Hh, Hh, Ww, Ww, Hh, Gs, Gs, Gs, Gs, Gs^Fp, Gs, Hh^Fp, Gs^Fp, Gs, Gs, Gs, Gs, Gs, Gll^Fdf, Gll, Gll, Hh^Fdf, Hh, Gs, Gs, Hh, Gs, Gs, Gs, Mm
Hh, Hh, Ww, Ww, Hh, Hh, Hh, Hh, Hh, Gs, Gs, Gs, Gs, Gs, Gs, Gs, Gs, Gs, Hh, Gs, Gll, Gll^Fdf, Gll^Fdf, Gll, Gs, Hh, Hh, Hh, Gs, Gll^Fdf, Gs, Mm
Hh, Ww, Ww, Ww, Gs, Hh, Gs, Gs, Gs, Hh, Hh, Hh, Hh, Gs, Gs, Gs, Gs, Gs, Hh^Fdf, Gs, Hh, Gll, Gll, Gll^Fdf, Gs, Gs, Gs, Gs, Gs, Gs, Gs, Mm
Ww, Ww, Gs, Gs, Gs, Gs, Ce, Ce, Ce, Gs, Gs, Hh, Gs, Hh, Gs, Gs, Hh, Hh, Hh^Fdf, Hh, Hh^Fdf, Hh, Hh, Gs, Gs, Gll^Fdf, Gll^Fdf, Gs, Hh, Hh, Gs, Hh
Hh, Hh, Gs, Gs, Gs, Gs, Ce, 1 Ke, Ce, Gs, Gs, Gs, Gs, Gs, Gs, Gs, Gs, Hh, Hh, Hh^Vhhr, Hh, Gs, Hh, Hh, Gs, Gs, Gs, Hh, Hh, Hh, Hh, Hh
Gs, Hh, Gs, Gs, Gs, Gs, Gs, Ce, Gs, Gs, Gs, Gs, Hh, Hh, Gs, Hh, Hh, Hh, Gs, Hh, Gs, Hh, Gs, Hh, Hh, Gs, Gs, Hh, Hh, Hh, Hh, Hh
Gs, Gs, Hh, Gs, Hh, Gs, Gs, Gs, Gs, Gs, Gs, Hh^Vhhr, Hh^Fp, Hh^Fp, Hh^Fp, Gs, Hh^Fp, Gs, Hh^Fp, Gs, Gs, Gs, Gs, Gs, Gs, Gs, Gs, Hh, Hh, Hh, Hh, Hh
Gs, Hh, Hh, Hh, Hh, Hh, Hh, Hh, Hh, Hh, Hh, Hh, Hh, Hh, Hh, Hh^Fp, Hh, Hh^Fp, Hh, Hh^Fp, Hh, Hh, Hh, Hh, Hh, Hh, Hh, Hh, Hh, Hh, Hh, Hh
Gs, Hh, Hh, Hh, Hh, Hh, Gs, Hh, Hh, Hh, Hh, Hh, Hh, Hh, Hh, Hh, Hh, Hh, Gs, Hh, Gs, Hh, Hh, Hh, Hh, Hh, Hh, Hh, Gs, Hh, Hh, Hh
