Ha, Ha, Ha, Ha, Ha, Ha, Ha, Ms, Ms, Ms, Ms, Aa, Aa, Ms, Ms, Ms, Ms, Aa, Aa, Aa, Ha, Aa, Ms, Ms, Ms, Ms, Aa, Ms, Ms, Ms, Ha, Aa, Aa, Ms, Ms, Gg, Ms, Gg, Ms, Ms, Ms, Ms^Xm, Ms^Xm, Ms^Xm, Ms^Xm, Ms
Ha, Ha, Ha, Ha, Ha, Ha, Ms, Ms, Ms^Xm, Ms, Aa, Aa, Aa, Aa, Aa, Aa, Ms, Ha, Ms, Ha, Ms, Ha, Ms, Ms, Ms, Ms, Ms, Ms, Ms, Ms, Ms, Ms, Ms, Ha, Ms, Ms, Ha, Ms, Ms, Ms, Ms, Ms, Ha, Ms^Xm, Ms^Xm, Ms
Ha, Ha, Ha, Ha, Ha, Ha, Ms^Xm, Ms^Xm, Ms^Xm, Ms, Aa, Aa, Aa, Aa, Ha, Ms, Ms, Ms^Fpa, Ms, Ms, Aa, Aa, Aa, Ms, Ms, Ms, Aa, Ms^Fpa, Ms, Ms, Aa, Ms, Ms, Ms, Ms, Ms, Ha, Ms, Ms, Ms^Fpa, Ms^Xm, Ms^Xm, Ms^Xm, Ms^Xm, Ms, Ms
Ha, Ha, Ha^Fpa, Ha, Ms, Ms, Ms^Xm, Ms^Xm, Ms, Ms, Ms, Ms, Ha, Ms, Ms, Ms, Ms, Ms, Ms, Ms, Aa, Aa, Ms, Ms, Ms, Ms, Aa, Aa, Ha, Aa, Ms, Ms, Ms, Ms, Ms, Ms^Fpa, Ms, Ms, Ms, Ms, Ms^Xm, Ms^Xm, Ms^Xm, Ha, Ms, Ms
Ha, Ha, Ha^Fpa, Ha, Ha, Ms, Ms, Ms, Ms, Ms, Aa^Fpa, Aa, Ha, Ms, Ms, Ms, Ms^Vu, Ms, Ha, Aa, Ms, Ms, Aa, Aa, Aa, Aa, Ms, Aa, Aa, Ha, Ha, Aa, Aa, Ms, Aa, Ms, Aa, Ms, Ms, Ha, Ms, Ms^Xm, Aa, Ms, Ms, Ms
Ha, Ha^Fpa, Ha^Fpa, Ha, Ha, Ms, Ms, Ms, Aa, Aa, Aa, Aa^Fpa, Ha, Ms, Ms, Ms, Ha, Ha, Ha, Ha, Ms^Xm, Aa, Ms, Aa, Ha, Ms, Ms, Ms, Ms, Ms, Ms^Vu, Ha, Ha, Ha, Ha, Ms, Aa, Ms, Ms, Ms, Ms, Ms, Aa, Ms, Ms, Ms
Ha, Ha, Ha, Ha, Aa, Ms, Ms, Ms, Aa, Aa^Vu, Aa, Aa, Aa, Ha, Ms, Ms, Aa, Aa, Ms^Xm, Ms^Xm, Ms^Xm, Ms, Ms, Aa, Ha, Ms, Ms^Xm, Ms^Xm, Ha, Ms, Ms, Ms, Ms, Ha, Ha, Ha^Fpa, Ha^Fpa, Ms, Aa, Ms, Aa^Vu, Ms, Ms, Aa, Ms, Ms
Ms^Xm, Ms^Xm, Aa, Aa, Ms, Ms, Aa, Aa, Aa, Aa, Aa, Aa, Aa, Aa, Ha, Ms, Ms, Aa, Aa, Ms^Xm, Ms^Xm, Aa, Ms, Aa, Aa, Ms, Ms, Ms^Xm, Ms^Xm, Ha, Ms, Ms, Ms, Ha, Ha, Ha^Fpa, Ha, Ha, Ms^Xm, Aa, Aa, Ms, Aa, Aa, Ms, Ms
Ms^Xm, Ms^Xm, Ms^Xm, Aa, Aa, Aa, Ha, Ha, Ha, Aa, Aa, Ms, Ha, Ha, Ha, Ha, Ha, Aa, Aa, Aa, Ms, Ms, Ms, Ms, Ms, Ms, Aa, Ms, Ha, Ms, Ha, Ms, Ms, Ms, Ms, Ha, Ha, Ms^Xm, Ms^Xm, Ms^Xm, Aa, Ms, Aa, Aa, Ms, Ms
Ms^Xm, Ms^Xm, Aa, Aa, Ms, Ms, Ha, Ha, Ha, Aa, Ms, Ms, Ha, Ha, Ha^Fpa, Ha^Fpa, Aa, Aa, Ms, Ms, Ms, Ms, Aa, Aa, Aa, Ms, Ms, Ha, Ha, Ms, Ms, Ms, Mm, Mv, Mm, Ms, Ha, Ha, Ms^Xm, Ms^Xm, Aa, Ms, Ms, Aa, Aa, Ms
Ms, Ms^Xm, Aa, Ms, Ms, Ms, Aa, Ha, Ha, Aa, Ms, Aa, Ha, Aa, Ha, Ha, Aa, Ms, Ms, Ms, Ms, Aa, Ms, Ms, Ms, Ms, Ms, Ms, Ms, Ai, Ai, Ai, Ms, Mm, Ms, Ms, Aa, Ha, Ha, Ha, Ms, Ms, Ms^Fpa, Aa, Aa, Ms
Ms, Ms, Ms, Ms, Ms, Ms, Ms, Ha, Ha, Ha, Ms, Ha, Aa, Ha, Ha, Ha, Ms, Ms, Aa, Aa, Ms, Ms, Ms^Vd, Aa, Ms, Ms, Ms, Ms, Ms, Ai, Ai, Ai, Ms, Ha, Ha, Ms, Ms, Aa, Aa, Ms, Ms, Ms, Ms, Aa, Ms^Fpa, Ms
Ms, Ms, Ms, Ms, Aa, Ms, Aa, Ms, Aa, Ha, Ha, Ha, Ha^Vu, Ha, Ha, Ha, Ha, Ha, Aa, Ms, Ms, Ms, Ms^Xm, Ms, Ms, Ms, Ms, Ms, Ms, Ai, Ai, Ai, Ha, Aa, Ms, Ha, Ms, Ms, Aa, Ms, Ms^Xm, Ms, Ms, Ms, Ms, Ms
Aa, Ms, Aa, Aa, Ha^Vu, Aa, Ha, Aa, Ms, Ha, Aa, Ha, Ha, Ha, Ha^Fpa, Ha, Ha, Aa, Aa, Ms^Xm, Ms^Xm, Ms^Xm, Ms, Ms, Ms, Ms, Ms^Vd, Ms, Ms, Ms, Ms, Ha, Ha, Ha, Ha, Ms, Ha^Fpa, Ms^Fpa, Aa^Fpa, Ms^Xm, Ms^Xm, Ms^Xm, Ms, Ms, Ms, Ms
Aa, Aa, Ha, Ha, Ha, Ha, Ms, Ms, Ms, Ms, Ms, Ha, Aa, Ha, Aa, Aa^Fpa, Aa, Aa, Ms^Xm, Ms, Cha, Ms, Mv, Ms, Cha, Ms, Aa, Ms, Ms, Ms, Ms, Ms, Ha, Ha, Ha, Ha, Aa, Aa^Fpa, Aa, Ms^Xm, Ms, Ms, Ms, Ms, Aa, Ms
Aa, Ha, Ha, Aa, Ha, Ha, Ha, Ms, Ms, Ms, Ms, Ha, Ms, Aa, Ms, Aa^Fpa, Ha, Ha, Ha, Ms^Vd, Cha, Mm, Mm, Mm, Cha, Ms, Ha, Aa, Aa, Aa, Aa, Ms, Aa, Aa, Ha, Aa, Aa^Vu, Ms, Ms, Aa, Aa, Ms, Ms, Ms, Aa^Fpa, Ms
Ha, Ha, Ms^Xm, Ms^Xm, Ms^Xm, Ha, Ha, Ha, Ms, Ms, Ms, Ms, Ms, Ms, Aa, Ha, Ha, Ha, Ms, Ha, Ms, Cha, 1 Kha, Cha, Ms, Ms, Ms, Ha, Ha, Aa, Aa, Aa, Aa, Ha, Aa, Ms, Ha, Aa, Aa, Ms, Aa, Aa, Aa, Aa^Fpa, Aa, Ms
Ms^Xm, Ms, Aa, Ha, Ms^Xm, Ms^Xm, Aa, Ha, Ha, Ms, Ms, Ms^Fpa, Ms^Xm, Ms^Xm, Ha, Ha, Ha, Ha, Ms, Ms, Ms, Cha, Cha, Cha, Ms, Ms, Ms, Ai, Ai, Ha, Ai, Aa, Ai, Aa, Aa, Ms, Ms, Aa, Aa, Ms, Ms^Xm, Ms, Aa, Aa, Ms, Ms
Ms^Xm, Ms, Ms, Ha^Fpa, Ha^Fpa, Ms^Xm, Ha, Ha, Ha, Ms, Aa, Ms^Xm, Ms, Ms, Ha, Ha, Aa, Aa, Ms^Vd, Ms, Ms, Ms, Ms, Ms, Ms, Ms, Ms^Xm, Ms^Vd, Aa, Ai, Ms, Ai, Aa, Ai, Ai, Ha, Ms, Ms, Ms, Ms^Xm, Ha, Ms, Aa, Aa^Vu, Aa, Aa
Ms^Xm, Ms^Xm, Ms, Ha, Ms, Ms, Aa, Aa, Ms, Ms, Ms, Ms, Ms, Ms, Ha, Ha, Ha, Aa, Aa, Ms, Ms, Ms, Ms, Ms, Ms, Ms^Xm, Ms^Xm, Aa, Aa, Aa, Ms, Ms, Ms, Ms, Ha, Ai, Ai, Ha, Ai, Aa, Ai, Ha, Ai, Aa, Ai, Aa
Ms^Xm, Ms^Xm, Ms, Ms, Ms, Ms, Ai, Aa, Ms, Ms, Aa, Ms, Ms^Vu, Ms, Ms, Ms^Fpa, Aa, Ha, Ha, Aa, Aa, Ms, Ms^Vd, Ms, Ms^Xm, Ms^Xm, Aa, Aa, Ms, Ms, Ms, Ms, Aa, Ms, Ha, Ha, Ms, Ai, Ms, Ai, Ms, Ai, Aa, Ai, Ha, Ai
Ms^Xm, Ms^Xm, Mm, Mv, Mm, Ms, Ai, Ai, Ai, Ms, Ms, Ms, Aa, Ms, Ms, Ms, Ms, Ha, Ha, Ha, Ha, Aa, Aa, Ms, Ms^Xm, Ms^Xm, Ms, Ms, Ms, Ms, Ms, Ms, Ms, Ms, Ha^Fpa, Aa, Aa, Ms, Ha, Ms, Ha, Ms, Ms, Ha, Ha, Aa
Ms^Xm, Ms, Ms, Mm, Ms, Ai, Ai, Ai, Ms^Xm, Ms^Xm, Ms, Ms, Ms, Ms, Ms, Ms, Ms^Fpa, Ha, Ha, Ha, Ha, Ha, Ha, Aa, Aa, Aa, Ms, Ms, Aa, Ms, Ms, Ms, Ms, Ms, Ha^Fpa, Ha, Ha, Ha, Ha, Ha, Ha, Ha, Ms, Ms, Ha, Ha
Ms^Xm, Ms^Xm, Ha, Aa, Ms, Ai, Aa, Aa, Aa, Ms, Ms, Ms, Ms, Ms, Ms, Ms, Ms, Ha, Aa, Aa, Aa, Ha, Ha^Fpa, Ha, Aa, Aa, Ms, Ms, Ms, Ms, Ha, Ha, Ha, Ha^Fpa, Ha^Fpa, Ha, Ha^Vu, Ha, Ha, Ha, Ha, Ha, Ha, Ms, Ha, Ha
Ms^Xm, Ms^Xm, Ha, Ha, Ha, Aa, Aa, Ha, Aa, Ms, Ms, Aa, Aa, Ms, Aa, Ms, Aa, Ha, Aa, Ms, Aa, Ms, Aa, Ha, Ha, Aa, Ms, Ms, Ms, Ms, Ha, Ha, Ms, Ha, Ms, Ha, Ha, Ha, Ha, Ha, Ha, Ha, Ha, Ha, Ha, Aa
Ms^Xm, Ha, Ha, Ha, Ha, Aa, Ms, Ha^Fpa, Ha^Fpa, Aa, Aa, Aa, Ms, Aa, Ms, Aa, Aa, Ha, Ha, Ms, Ms, Ms, Ms, Aa, Aa, Ha, Aa^Fpa, Ms, Ms, Ms, Aa, Ha, Ms, Ms^Xm, Ms^Xm, Ms, Ha, Ha, Ha, Ha, Ha, Ha, Ha, Ms, Ha, Aa
Ms^Xm, Ms^Xm, Ha, Ha, Ha, Ms, Ms, Ha^Fpa, Ha, Ha, Aa, Aa, Ms, Ms, Ms, Ms, Ms, Aa, Ha, Aa, Ms, Ms, Ms, Ms, Aa, Ha, Aa^Fpa, Ms^Fpa, Ai, Ha, Ha, Ha, Ha, Ms, Ms^Xm, Ms, Aa, Ms, Ms, Ms, Ms, Ms, Ha, Ha^Vu, Ha, Aa
Ms^Xm, Ms^Xm, Ha, Ha, Ha, Ms, Ms^Vud, Ha, Ha, Ha, Ha, Ms, Ms, Ms^Vud, Ms, Ms, Ms, Ms, Ha, Ha, Ms, Ms, Ms, Ms, Aa, Ha, Ha, Ha^Fpa, Ai, Ai, Ha, Ha, Aa, Ha, Ha, Ms, Ha, Ha, Ha, Ha, Ha, Ha, Aa, Ha, Aa, Aa
Ms^Xm, Ms^Xm, Ms, Ha, Ms, Ms, Aa, Ha, Ha, Ha, Ha, Ha, Ha, Ms, Ms, Ms, Ms, Aa, Ha, Aa, Aa, Ms, Ms^Vud, Ms, Ha, Ha, Ai, Ai, Ai, Ai, Ha, Ha, Ha, Ha^Vud, Aa, Ms, Ms, Aa, Aa, Ha, Aa, Ha, Ha, Aa, Ms, Ms
Ms^Xm, Aa, Ms, Ms, Ms, Ms, Ms, Ms, Ha, Ms^Xm, Ms^Xm, Ms^Xm, Ms^Xm, Ha, Ms^Xm, Ms, Ms, Ha, Aa, Aa, Ms, Aa, Ms, Ms, Ms, Ms, Ha, Ms, Ms, Ms, Ms, Ms, Ms, Ms, Aa, Aa, Aa, Aa, Ha, Aa, Ha^Fpa, Ha, Ms, Ms^Xm, Aa, Aa
Ha, Aa, Ms^Fpa, Ms, Ms, Ms, Ms, Aa, Aa, Ms^Xm, Ms^Xm, Ms^Xm, Ms^Xm, Ms^Xm, Ms^Xm, Ms^Xm, Ms^Xm, Ms^Xm, Ms, Ms, Aa, Ms, Cea, Cea, Cea, Ha, Ha, Ha, Aa, Ms, Aa, Ha, Ha, Ha, Ha, Ha, Ha, Ha, Aa, Ha^Fpa, Ms^Fpa, Ms^Fpa, Aa, Ms^Xm, Ms^Xm, Ms
Ha, Ha, Ms, Ms^Fpa, Ms^Fpa, Ms, Ms, Ms, Ms, Ms^Xm, Ms, Ms^Xm, Ha, Ms^Xm, Ms^Xm, Ms^Xm, Ms^Xm, Ms^Xm, Ms^Xm, Aa, Aa, Aa, Cea, 2 Kea, Cea, Ha^Vud, Ha, Ha, Ha, Aa, Aa, Aa, Aa, Aa, Aa, Aa, Ms, Aa, Ms, Ms, Ms, Aa^Fpa, Ms^Xm, Ms^Xm, Ms^Xm, Ms
Aa, Ms, Ms, Ms, Ms, Ha, Ms, Ms, Ms, Ms, Ms, Ms, Ms, Aa, Ha, Aa, Aa, Ms^Xm, Ha^Fpa, Ms^Xm, Ms, Ha, Ha, Cea, Ms, Ms, Ms, Ms, Ms, Ha, Ms^Xm, Ms^Xm, Ms^Xm, Ms, Ms, Ms, Ms, Ms, Ms, Ms, Ms, Ms, Ms^Xm, Ms^Xm, Ha, Ha
Ha, Ha, Ha, Ms, Ms, Ms, Ha, Ms, Ms, Ms, Ms, Ms, Ms, Ms, Ha, Ha, Ha, Ha^Fpa, Ha, Ms, Ms, Ha, Ms, Ms, Ms, Ms, Ms, Ms, Ms^Xm, Ms^Xm, Ms^Xm, Ms^Xm, Ms, Ms, Ms, Ms, Ha, Ms, Ms, Ms, Ms, Ms, Ha, Ha, Ha, Ha
Ha, Ha, Ha, Ha, Ha, Ha, Ha, Ha, Ha, Ha, Ha, Ms, Ha, Ha, Ha, Ha, Ha, Ha, Ha, Ha, Ms, Ms, Aa, Aa, Aa, Ms, Ms, Ms, Ms, Ms^Xm, Ms, Ms, Ms, Ms, Gg, Ms, Ms, Ms, Ms, Ms, Ha, Ha, Ha, Ha, Ha, Ha
