Hh, Hh, Hh, Hh, Hh, Hh, Hh, Mm, Mm, Mm, Mm, Gs, Gs, Mm, Mm, Mm, Mm, Gs, Gs, Gs, Hh, Gs, Mm, Mm, Mm, Mm, Gs, Mm, Mm, Mm, Hh, Gg, Gg, Mm, Mm, Gg, Mm, Gg, Mm, Mm, Mm, Mm^Xm, Mm^Xm, Mm^Xm, Mm^Xm, Mm
Hh, Hh, Hh, Hh, Hh, Hh, Mm, Mm, Mm^Xm, Mm, Gs, Gs, Gs, Gs, Gs, Gs, Mm, Hh, Mm, Hh, Mm, Hh, Mm, Mm, Mm, Mm, Mm, Mm, Mm, Mm, Mm, Mm, Mm, Hh, Mm, Mm, Hh, Mm, Mm, Mm, Mm, Mm, Hh, Mm^Xm, Mm^Xm, Mm
Hh, Hh, Hh, Hh, Hh, Hh, Mm^Xm, Mm^Xm, Mm^Xm, Mm, Gs, Gs, Gs, Gs, Hh, Mm, Mm, Mm^Fp, Mm, Mm, Gs, Gs, Gs, Mm, Mm, Mm, Gs, Mm^Fp, Mm, Mm, Gs, Mm, Mm, Mm, Mm, Mm, Hh, Mm, Mm, Mm^Fp, Mm^Xm, Mm^Xm, Mm^Xm, Mm^Xm, Mm, Mm
Hh, Hh, Hh^Fp, Hh, Mm, Mm, Mm^Xm, Mm^Xm, Mm, Mm, Mm, Mm, Hh, Mm, Mm, Mm, Mm, Mm, Mm, Mm, Gs, Gs, Mm, Mm, Mm, Mm, Gs, Gs, Hh, Gs, Mm, Mm, Mm, Mm, Mm, Mm^Fp, Mm, Mm, Mm, Mm, Mm^Xm, Mm^Xm, Mm^Xm, Hh, Mm, Mm
Hh, Hh, Hh^Fp, Hh, Hh, Mm, Mm, Mm, Mm, Mm, Gs^Fp, Gs, Hh, Mm, Mm, Mm, Mm^Vu, Mm, Hh, Gs, Mm, Mm, Gs, Gs, Gs, Gs, Mm, Gs, Gs, Hh, Hh, Gs, Gs, Mm, Gs, Mm, Gs, Mm, Mm, Hh, Mm, Mm^Xm, Gs, Mm, Mm, Mm
Hh, Hh^Fp, Hh^Fp, Hh, Hh, Mm, Mm, Mm, Gs, Gs, Gs, Gs^Fp, Hh, Mm, Mm, Mm, Hh, Hh, Hh, Hh, Mm^Xm, Gs, Mm, Gs, Hh, Mm, Mm, Mm, Mm, Mm, Mm^Vu, Hh, Hh, Hh, Hh, Mm, Gs, Mm, Mm, Mm, Mm, Mm, Gs, Mm, Mm, Mm
Hh, Hh, Hh, Hh, Gs, Mm, Mm, Mm, Gs, Gs^Vu, Gs, Gs, Gs, Hh, Mm, Mm, Gs, Gs, Mm^Xm, Mm^Xm, Mm^Xm, Mm, Mm, Gs, Hh, Mm, Mm^Xm, Mm^Xm, Hh, Mm, Mm, Mm, Mm, Hh, Hh, Hh^Fp, Hh^Fp, Mm, Gs, Mm, Gs^Vu, Mm, Mm, Gs, Mm, Mm
Mm^Xm, Mm^Xm, Gs, Gs, Mm, Mm, Gs, Gs, Gs, Gs, Gs, Gs, Gs, Gs, Hh, Mm, Mm, Gs, Gs, Mm^Xm, Mm^Xm, Gs, Mm, Gs, Gs, Mm, Mm, Mm^Xm, Mm^Xm, Hh, Mm, Mm, Mm, Hh, Hh, Hh^Fp, Hh, Hh, Mm^Xm, Gs, Gs, Mm, Gs, Gs, Mm, Mm
Mm^Xm, Mm^Xm, Mm^Xm, Gs, Gs, Gs, Hh, Hh, Hh, Gs, Gs, Mm, Hh, Hh, Hh, Hh, Hh, Gs, Gs, Gs, Mm, Mm, Mm, Mm, Mm, Mm, Gs, Mm, Hh, Mm, Hh, Mm, Mm, Mm, Mm, Hh, Hh, Mm^Xm, Mm^Xm, Mm^Xm, Gs, Mm, Gs, Gs, Mm, Mm
Mm^Xm, Mm^Xm, Gs, Gs, Mm, Mm, Hh, Hh, Hh, Gs, Mm, Mm, Hh, Hh, Hh^Fp, Hh^Fp, Gs, Gs, Mm, Mm, Mm, Mm, Gs, Gs, Gs, Mm, Mm, Hh, Hh, Mm, Mm, Mm, Mm, Mv, Mm, Mm, Hh, Hh, Mm^Xm, Mm^Xm, Gs, Mm, Mm, Gs, Gs, Mm
Mm, Mm^Xm, Gs, Mm, Mm, Mm, Gs, Hh, Hh, Gs, Mm, Gs, Hh, Gs, Hh, Hh, Gs, Mm, Mm, Mm, Mm, Gs, Mm, Mm, Mm, Mm, Mm, Mm, Mm, Ww, Ww, Ww, Mm, Mm, Mm, Mm, Gs, Hh, Hh, Hh, Mm, Mm, Mm^Fp, Gs, Gs, Mm
Mm, Mm, Mm, Mm, Mm, Mm, Mm, Hh, Hh, Hh, Mm, Hh, Gs, Hh, Hh, Hh, Mm, Mm, Gs, Gs, Mm, Mm, Mm^Vd, Gs, Mm, Mm, Mm, Mm, Mm, Ww, Ww, Ww, Mm, Hh, Hh, Mm, Mm, Gs, Gs, Mm, Mm, Mm, Mm, Gs, Mm^Fp, Mm
Mm, Mm, Mm, Mm, Gs, Mm, Gs, Mm, Gs, Hh, Hh, Hh, Hh^Vu, Hh, Hh, Hh, Hh, Hh, Gs, Mm, Mm, Mm, Mm^Xm, Mm, Mm, Mm, Mm, Mm, Mm, Ww, Ww, Ww, Hh, Gs, Mm, Hh, Mm, Mm, Gs, Mm, Mm^Xm, Mm, Mm, Mm, Mm, Mm
Gs, Mm, Gs, Gs, Hh^Vu, Gs, Hh, Gs, Mm, Hh, Gs, Hh, Hh, Hh, Hh^Fp, Hh, Hh, Gs, Gs, Mm^Xm, Mm^Xm, Mm^Xm, Mm, Mm, Mm, Mm, Mm^Vd, Mm, Mm, Mm, Mm, Hh, Hh, Hh, Hh, Mm, Hh^Fp, Mm^Fp, Gs^Fp, Mm^Xm, Mm^Xm, Mm^Xm, Mm, Mm, Mm, Mm
Gs, Gs, Hh, Hh, Hh, Hh, Mm, Mm, Mm, Mm, Mm, Hh, Gs, Hh, Gs, Gs^Fp, Gs, Gs, Mm^Xm, Mm, Ch, Mm, Mv, Mm, Ch, Mm, Gs, Mm, Mm, Mm, Mm, Mm, Hh, Hh, Hh, Hh, Gs, Gs^Fp, Gs, Mm^Xm, Mm, Mm, Mm, Mm, Gs, Mm
Gs, Hh, Hh, Gs, Hh, Hh, Hh, Mm, Mm, Mm, Mm, Hh, Mm, Gs, Mm, Gs^Fp, Hh, Hh, Hh, Mm^Vd, Ch, Mm, Mm, Mm, Ch, Mm, Hh, Gs, Gs, Gs, Gs, Mm, Gs, Gs, Hh, Gs, Gs^Vu, Mm, Mm, Gs, Gs, Mm, Mm, Mm, Gs^Fp, Mm
Hh, Hh, Mm^Xm, Mm^Xm, Mm^Xm, Hh, Hh, Hh, Mm, Mm, Mm, Mm, Mm, Mm, Gs, Hh, Hh, Hh, Mm, Hh, Mm, Ch, 1 Kh, Ch, Mm, Mm, Mm, Hh, Hh, Gs, Gs, Gs, Gs, Hh, Gs, Mm, Hh, Gs, Gs, Mm, Gs, Gs, Gs, Gs^Fp, Gs, Mm
Mm^Xm, Mm, Gs, Hh, Mm^Xm, Mm^Xm, Gs, Hh, Hh, Mm, Mm, Mm^Fp, Mm^Xm, Mm^Xm, Hh, Hh, Hh, Hh, Mm, Mm, Mm, Ch, Ch, Ch, Mm, Mm, Mm, Ww, Ww, Hh, Ww, Gs, Ww, Gs, Gs, Mm, Mm, Gs, Gs, Mm, Mm^Xm, Mm, Gs, Gs, Mm, Mm
Mm^Xm, Mm, Mm, Hh^Fp, Hh^Fp, Mm^Xm, Hh, Hh, Hh, Mm, Gs, Mm^Xm, Mm, Mm, Hh, Hh, Gs, Gs, Mm^Vd, Mm, Mm, Mm, Mm, Mm, Mm, Mm, Mm^Xm, Mm^Vd, Gs, Ww, Mm, Ww, Gs, Ww, Ww, Hh, Mm, Mm, Mm, Mm^Xm, Hh, Mm, Gs, Gs^Vu, Gs, Gs
Mm^Xm, Mm^Xm, Mm, Hh, Mm, Mm, Gs, Gs, Mm, Mm, Mm, Mm, Mm, Mm, Hh, Hh, Hh, Gs, Gs, Mm, Mm, Mm, Mm, Mm, Mm, Mm^Xm, Mm^Xm, Gs, Gs, Gs, Mm, Mm, Mm, Mm, Hh, Ww, Ww, Hh, Ww, Gs, Ww, Hh, Ww, Gs, Ww, Gs
Mm^Xm, Mm^Xm, Mm, Mm, Mm, Mm, Ww, Gs, Mm, Mm, Gs, Mm, Mm^Vu, Mm, Mm, Mm^Fp, Gs, Hh, Hh, Gs, Gs, Mm, Mm^Vd, Mm, Mm^Xm, Mm^Xm, Gs, Gs, Mm, Mm, Mm, Mm, Gs, Mm, Hh, Hh, Mm, Ww, Mm, Ww, Mm, Ww, Gs, Ww, Hh, Ww
Mm^Xm, Mm^Xm, Mm, Mv, Mm, Mm, Ww, Ww, Ww, Mm, Mm, Mm, Gs, Mm, Mm, Mm, Mm, Hh, Hh, Hh, Hh, Gs, Gs, Mm, Mm^Xm, Mm^Xm, Mm, Mm, Mm, Mm, Mm, Mm, Mm, Mm, Hh^Fp, Gs, Gs, Mm, Hh, Mm, Hh, Mm, Mm, Hh, Hh, Gg
Mm^Xm, Mm, Mm, Mm, Mm, Ww, Ww, Ww, Mm^Xm, Mm^Xm, Mm, Mm, Mm, Mm, Mm, Mm, Mm^Fp, Hh, Hh, Hh, Hh, Hh, Hh, Gs, Gs, Gs, Mm, Mm, Gs, Mm, Mm, Mm, Mm, Mm, Hh^Fp, Hh, Hh, Hh, Hh, Hh, Hh, Hh, Mm, Mm, Hh, Hh
Mm^Xm, Mm^Xm, Hh, Gs, Mm, Ww, Gs, Gs, Gs, Mm, Mm, Mm, Mm, Mm, Mm, Mm, Mm, Hh, Gs, Gs, Gs, Hh, Hh^Fp, Hh, Gs, Gs, Mm, Mm, Mm, Mm, Hh, Hh, Hh, Hh^Fp, Hh^Fp, Hh, Hh^Vu, Hh, Hh, Hh, Hh, Hh, Hh, Mm, Hh, Hh
Mm^Xm, Mm^Xm, Hh, Hh, Hh, Gs, Gs, Hh, Gs, Mm, Mm, Gs, Gs, Mm, Gs, Mm, Gs, Hh, Gs, Mm, Gs, Mm, Gs, Hh, Hh, Gs, Mm, Mm, Mm, Mm, Hh, Hh, Mm, Hh, Mm, Hh, Hh, Hh, Hh, Hh, Hh, Hh, Hh, Hh, Hh, Gs
Mm^Xm, Hh, Hh, Hh, Hh, Gs, Mm, Hh^Fp, Hh^Fp, Gs, Gs, Gs, Mm, Gs, Mm, Gs, Gs, Hh, Hh, Mm, Mm, Mm, Mm, Gs, Gs, Hh, Gs^Fp, Mm, Mm, Mm, Gs, Hh, Mm, Mm^Xm, Mm^Xm, Mm, Hh, Hh, Hh, Hh, Hh, Hh, Hh, Mm, Hh, Gs
Mm^Xm, Mm^Xm, Ce, Ce, Ce, Mm, Mm, Hh^Fp, Hh, Hh, Gs, Gs, Mm, Mm, Mm, Mm, Mm, Gs, Hh, Gs, Mm, Mm, Mm, Mm, Gs, Hh, Gs^Fp, Mm^Fp, Ww, Hh, Hh, Hh, Hh, Mm, Mm^Xm, Mm, Gs, Mm, Mm, Mm, Mm, Mm, Hh, Hh^Vu, Hh, Gs
Mm^Xm, Mm^Xm, Ce, 2 Ke, Ce, Mm, Mm^Vud, Hh, Hh, Hh, Hh, Mm, Mm, Mm^Vud, Mm, Mm, Mm, Mm, Hh, Hh, Mm, Mm, Mm, Mm, Gs, Hh, Hh, Hh^Fp, Ww, Ww, Hh, Hh, Gs, Hh, Hh, Mm, Hh, Hh, Hh, Hh, Hh, Hh, Gs, Hh, Gs, Gs
Mm^Xm, Mm^Xm, Mm, Ce, Mm, Mm, Gs, Hh, Hh, Hh, Hh, Hh, Hh, Mm, Mm, Mm, Mm, Gs, Hh, Gs, Gs, Mm, Mm^Vud, Mm, Hh, Hh, Ww, Ww, Ww, Ww, Hh, Hh, Hh, Hh^Vud, Gs, Mm, Mm, Gs, Gs, Hh, Gs, Hh, Hh, Gs, Mm, Mm
Mm^Xm, Gs, Mm, Mm, Mm, Mm, Mm, Mm, Hh, Mm^Xm, Mm^Xm, Mm^Xm, Mm^Xm, Hh, Mm^Xm, Mm, Mm, Hh, Gs, Gs, Mm, Gs, Mm, Mm, Mm, Mm, Hh, Mm, Mm, Mm, Mm, Mm, Mm, Mm, Gs, Gs, Gs, Gs, Hh, Gs, Hh^Fp, Hh, Mm, Mm^Xm, Gs, Gs
Hh, Gs, Mm^Fp, Mm, Mm, Mm, Mm, Gs, Gs, Mm^Xm, Mm^Xm, Mm^Xm, Mm^Xm, Mm^Xm, Mm^Xm, Mm^Xm, Mm^Xm, Mm^Xm, Mm, Mm, Gs, Mm, Gs, Gs, Gs, Hh, Hh, Hh, Gs, Mm, Gs, Hh, Hh, Hh, Hh, Hh, Hh, Hh, Gs, Hh^Fp, Mm^Fp, Mm^Fp, Gs, Mm^Xm, Mm^Xm, Mm
Hh, Hh, Mm, Mm^Fp, Mm^Fp, Mm, Mm, Mm, Mm, Mm^Xm, Mm, Mm^Xm, Hh, Mm^Xm, Mm^Xm, Mm^Xm, Mm^Xm, Mm^Xm, Mm^Xm, Gs, Gs, Gs, Gs, Gs, Hh, Hh^Vud, Hh, Hh, Hh, Gs, Gs, Gs, Gs, Gs, Gs, Gs, Mm, Gs, Mm, Mm, Mm, Gll^Fp, Mm^Xm, Mm^Xm, Mm^Xm, Mm
Gs, Mm, Mm, Mm, Mm, Hh, Mm, Mm, Mm, Mm, Mm, Mm, Mm, Gs, Hh, Gs, Gs, Mm^Xm, Hh^Fp, Mm^Xm, Mm, Hh, Hh, Hh, Mm, Mm, Mm, Mm, Mm, Hh, Mm^Xm, Mm^Xm, Mm^Xm, Mm, Mm, Mm, Mm, Mm, Mm, Mm, Mm, Mm, Mm^Xm, Mm^Xm, Hh, Hh
Hh, Hh, Hh, Mm, Mm, Mm, Hh, Mm, Mm, Mm, Mm, Mm, Mm, Mm, Hh, Hh, Hh, Hh^Fp, Hh, Mm, Mm, Hh, Mm, Mm, Mm, Mm, Mm, Mm, Mm^Xm, Mm^Xm, Mm^Xm, Mm^Xm, Mm, Mm, Mm, Mm, Hh, Mm, Mm, Mm, Mm, Mm, Hh, Hh, Hh, Hh
Hh, Hh, Hh, Hh, Hh, Hh, Hh, Hh, Hh, Hh, Hh, Mm, Hh, Hh, Hh, Hh, Hh, Hh, Hh, Hh, Mm, Mm, Gg, Gg, Gg, Mm, Mm, Mm, Mm, Mm^Xm, Mm, Mm, Mm, Mm, Gg, Mm, Mm, Mm, Mm, Mm, Hh, Hh, Hh, Hh, Hh, Hh
